Archive member included to satisfy reference by file (symbol)

/home/johnny/licheepi/u-boot-rampup/gcc-linaro-5.3.1-2016.05-x86_64_arm-eabi/bin/../lib/gcc/arm-eabi/5.3.1/libgcc.a(_aeabi_uldivmod.o)
                              build/driver/pwm-f1c100s.o (__aeabi_uldivmod)
/home/johnny/licheepi/u-boot-rampup/gcc-linaro-5.3.1-2016.05-x86_64_arm-eabi/bin/../lib/gcc/arm-eabi/5.3.1/libgcc.a(_udivmoddi4.o)
                              /home/johnny/licheepi/u-boot-rampup/gcc-linaro-5.3.1-2016.05-x86_64_arm-eabi/bin/../lib/gcc/arm-eabi/5.3.1/libgcc.a(_aeabi_uldivmod.o) (__udivmoddi4)
/home/johnny/licheepi/u-boot-rampup/gcc-linaro-5.3.1-2016.05-x86_64_arm-eabi/bin/../lib/gcc/arm-eabi/5.3.1/libgcc.a(_dvmd_tls.o)
                              /home/johnny/licheepi/u-boot-rampup/gcc-linaro-5.3.1-2016.05-x86_64_arm-eabi/bin/../lib/gcc/arm-eabi/5.3.1/libgcc.a(_aeabi_uldivmod.o) (__aeabi_ldiv0)
/home/johnny/licheepi/u-boot-rampup/gcc-linaro-5.3.1-2016.05-x86_64_arm-eabi/bin/../lib/gcc/arm-eabi/5.3.1/libgcc.a(_clzdi2.o)
                              /home/johnny/licheepi/u-boot-rampup/gcc-linaro-5.3.1-2016.05-x86_64_arm-eabi/bin/../lib/gcc/arm-eabi/5.3.1/libgcc.a(_udivmoddi4.o) (__clzdi2)
/home/johnny/licheepi/u-boot-rampup/gcc-linaro-5.3.1-2016.05-x86_64_arm-eabi/bin/../lib/gcc/arm-eabi/5.3.1/libgcc.a(_clzsi2.o)
                              /home/johnny/licheepi/u-boot-rampup/gcc-linaro-5.3.1-2016.05-x86_64_arm-eabi/bin/../lib/gcc/arm-eabi/5.3.1/libgcc.a(_clzdi2.o) (__clzsi2)

Allocating common symbols
Common symbol       size              file

fb_f1c100s_pData    0x7c              build/driver/fb-f1c100s.o

Memory Configuration

Name             Origin             Length             Attributes
ram              0x0000000080000000 0x0000000000800000
dma              0x0000000080800000 0x0000000000800000
heap             0x0000000081000000 0x0000000001000000
*default*        0x0000000000000000 0xffffffffffffffff

Linker script and memory map

LOAD build/main.o
LOAD build/machine/sys-clock.o
LOAD build/machine/sys-dram.o
LOAD build/machine/sys-uart.o
LOAD build/machine/sys-copyself.o
LOAD build/machine/sys-spi-flash.o
LOAD build/machine/sys-mmu.o
LOAD build/machine/exception.o
LOAD build/driver/gpio-f1c100s.o
LOAD build/driver/pwm-f1c100s.o
LOAD build/driver/reset-f1c100s.o
LOAD build/lib/malloc.o
LOAD build/lib/dma.o
LOAD build/driver/clk-f1c100s-pll.o
LOAD build/driver/fb-f1c100s.o
LOAD build/machine/start.o
LOAD build/arch/arm32/lib/memcpy.o
LOAD build/arch/arm32/lib/memset.o
LOAD /home/johnny/licheepi/u-boot-rampup/gcc-linaro-5.3.1-2016.05-x86_64_arm-eabi/bin/../lib/gcc/arm-eabi/5.3.1/libgcc.a
                0x0000000000010000                STACK_UND_SIZE = 0x10000
                0x0000000000010000                STACK_ABT_SIZE = 0x10000
                0x0000000000010000                STACK_IRQ_SIZE = 0x10000
                0x0000000000010000                STACK_FIQ_SIZE = 0x10000
                0x0000000000040000                STACK_SRV_SIZE = 0x40000

.bootloader     0x0000000080000000     0x17a4
                0x0000000080000000                PROVIDE (__bootloader_start, .)
                0x0000000080000000                PROVIDE (__image_start, .)
                0x0000000080000000                PROVIDE (__text_start, .)
 build/machine/start.o(.text)
 .text          0x0000000080000000      0x400 build/machine/start.o
                0x0000000080000000                _start
                0x0000000080000214                return_to_fel
 build/arch/arm32/lib/memcpy.o(.text)
 .text          0x0000000080000400      0x490 build/arch/arm32/lib/memcpy.o
                0x0000000080000400                memcpy
 build/arch/arm32/lib/memset.o(.text)
 .text          0x0000000080000890       0xb0 build/arch/arm32/lib/memset.o
                0x0000000080000890                memset
 build/machine/sys-uart.o(.text)
 .text          0x0000000080000940       0xb4 build/machine/sys-uart.o
                0x0000000080000940                sys_uart_init
                0x00000000800009d8                sys_uart_putc
 build/machine/sys-clock.o(.text)
 .text          0x00000000800009f4       0xf8 build/machine/sys-clock.o
                0x00000000800009f4                sys_clock_init
 build/machine/sys-dram.o(.text)
 .text          0x0000000080000aec      0x880 build/machine/sys-dram.o
                0x0000000080000d78                sys_dram_init
 build/machine/sys-mmu.o(.text)
 .text          0x000000008000136c       0xc4 build/machine/sys-mmu.o
                0x000000008000136c                sys_mmu_init
 build/machine/sys-spi-flash.o(.text)
 .text          0x0000000080001430      0x208 build/machine/sys-spi-flash.o
                0x0000000080001430                sys_spi_flash_init
                0x00000000800014e8                sys_spi_flash_exit
                0x0000000080001500                sys_spi_flash_read
 build/machine/sys-copyself.o(.text)
 .text          0x0000000080001638      0x16c build/machine/sys-copyself.o
                0x0000000080001638                sys_copyself
                0x00000000800017a4                PROVIDE (__bootloader_end, .)
                0x00000000000017a4                __bootloader_size = SIZEOF (.bootloader)

.text           0x00000000800017a8     0x4edc
 build/main.o(.text)
 .text          0x00000000800017a8       0x78 build/main.o
                0x00000000800017a8                boot_main
                0x0000000080001818                __fatal_error
                0x000000008000181c                __assert_func
 *(.text*)
 .text          0x0000000080001820       0x18 build/machine/exception.o
                0x0000000080001820                arm32_do_undefined_instruction
                0x0000000080001824                arm32_do_software_interrupt
                0x0000000080001828                arm32_do_prefetch_abort
                0x000000008000182c                arm32_do_data_abort
                0x0000000080001830                arm32_do_irq
                0x0000000080001834                arm32_do_fiq
 .text          0x0000000080001838      0x2f8 build/driver/gpio-f1c100s.o
                0x0000000080001838                gpio_f1c100s_set_cfg
                0x0000000080001874                gpio_f1c100s_get_cfg
                0x00000000800018a0                gpio_f1c100s_set_pull
                0x00000000800018ec                gpio_f1c100s_get_pull
                0x0000000080001940                gpio_f1c100s_set_drv
                0x0000000080001998                gpio_f1c100s_get_drv
                0x00000000800019ec                gpio_f1c100s_set_rate
                0x00000000800019f0                gpio_f1c100s_get_rate
                0x00000000800019f8                gpio_f1c100s_set_dir
                0x0000000080001a68                gpio_f1c100s_get_dir
                0x0000000080001aa8                gpio_f1c100s_set_value
                0x0000000080001ad8                gpio_f1c100s_get_value
                0x0000000080001b08                gpio_f1c100s_to_irq
 .text          0x0000000080001b30      0xc48 build/driver/pwm-f1c100s.o
                0x0000000080001b30                pwm_f1c100s_config
                0x0000000080001f04                pwm_f1c100s_set_duty
                0x00000000800022d4                pwm_f1c100s_enable
                0x000000008000231c                pwm_f1c100s_disable
                0x0000000080002348                pwm_f1c100s_init
 .text          0x0000000080002778       0x40 build/driver/reset-f1c100s.o
                0x0000000080002778                reset_f1c100s_assert
                0x0000000080002798                reset_f1c100s_deassert
 .text          0x00000000800027b8     0x313c build/lib/malloc.o
                0x0000000080002c24                mm_create
                0x0000000080002ce4                mm_destroy
                0x0000000080002ce8                mm_get_pool
                0x0000000080002cf4                mm_add_pool
                0x0000000080002e20                mm_remove_pool
                0x0000000080002f58                mm_malloc
                0x00000000800031c0                mm_memalign
                0x0000000080003574                mm_realloc
                0x0000000080003ea8                mm_free
                0x0000000080004214                malloc
                0x0000000080004484                memalign
                0x0000000080004848                realloc
                0x0000000080005188                calloc
                0x000000008000541c                free
                0x0000000080005794                do_init_mem_pool
 .text.unlikely
                0x00000000800058f4      0x110 build/lib/malloc.o
 .text          0x0000000080005a04       0x6c build/lib/dma.o
                0x0000000080005a04                dma_alloc_coherent
                0x0000000080005a1c                dma_free_coherent
                0x0000000080005a30                dma_alloc_noncoherent
                0x0000000080005a3c                dma_free_noncoherent
                0x0000000080005a40                dma_cache_sync
                0x0000000080005a44                do_init_dma_pool
 .text          0x0000000080005a70      0x350 build/driver/clk-f1c100s-pll.o
                0x0000000080005a70                clk_f1c100s_pll_set_parent
                0x0000000080005a74                clk_f1c100s_pll_get_parent
                0x0000000080005a7c                clk_f1c100s_pll_set_enable
                0x0000000080005b4c                clk_f1c100s_pll_get_enable
                0x0000000080005bdc                clk_f1c100s_pll_set_rate
                0x0000000080005be0                clk_f1c100s_pll_get_rate
 .text          0x0000000080005dc0      0x6c4 build/driver/fb-f1c100s.o
                0x0000000080005dc0                fb_f1c100s_setbl
                0x0000000080005dcc                fb_f1c100s_getbl
                0x0000000080005ddc                fb_f1c100s_create
                0x0000000080005e70                fb_f1c100s_destroy
                0x0000000080005e94                fb_f1c100s_present
                0x0000000080005f10                fb_f1c100s_init
                0x00000000800063f0                fb_f1c100s_remove
                0x000000008000645c                fb_f1c100s_suspend
                0x0000000080006474                fb_f1c100s_resume
 .text          0x0000000080006484       0x3c /home/johnny/licheepi/u-boot-rampup/gcc-linaro-5.3.1-2016.05-x86_64_arm-eabi/bin/../lib/gcc/arm-eabi/5.3.1/libgcc.a(_aeabi_uldivmod.o)
                0x0000000080006484                __aeabi_uldivmod
 .text          0x00000000800064c0      0x12c /home/johnny/licheepi/u-boot-rampup/gcc-linaro-5.3.1-2016.05-x86_64_arm-eabi/bin/../lib/gcc/arm-eabi/5.3.1/libgcc.a(_udivmoddi4.o)
                0x00000000800064c0                __udivmoddi4
 .text          0x00000000800065ec        0x4 /home/johnny/licheepi/u-boot-rampup/gcc-linaro-5.3.1-2016.05-x86_64_arm-eabi/bin/../lib/gcc/arm-eabi/5.3.1/libgcc.a(_dvmd_tls.o)
                0x00000000800065ec                __aeabi_ldiv0
                0x00000000800065ec                __aeabi_idiv0
 .text          0x00000000800065f0       0x28 /home/johnny/licheepi/u-boot-rampup/gcc-linaro-5.3.1-2016.05-x86_64_arm-eabi/bin/../lib/gcc/arm-eabi/5.3.1/libgcc.a(_clzdi2.o)
                0x00000000800065f0                __clzdi2
 .text          0x0000000080006618       0x48 /home/johnny/licheepi/u-boot-rampup/gcc-linaro-5.3.1-2016.05-x86_64_arm-eabi/bin/../lib/gcc/arm-eabi/5.3.1/libgcc.a(_clzsi2.o)
                0x0000000080006618                __clzsi2
 *(.init.text)
 *(.exit.text)
 *(.glue*)
 .glue_7        0x0000000080006660        0x0 linker stubs
 .glue_7t       0x0000000080006660        0x0 linker stubs
 *(.note.gnu.build-id)
 .note.gnu.build-id
                0x0000000080006660       0x24 linker stubs
                0x0000000080006684                PROVIDE (__text_end, .)

.vfp11_veneer   0x0000000080006684        0x0
 .vfp11_veneer  0x0000000080006684        0x0 linker stubs

.v4_bx          0x0000000080006684        0x0
 .v4_bx         0x0000000080006684        0x0 linker stubs

.iplt           0x0000000080006684        0x0
 .iplt          0x0000000080006684        0x0 build/main.o

.initcall       0x0000000080006688        0x0
                0x0000000080006688                PROVIDE (__initcall_start, .)
 *(.initcall_0.text)
 *(.initcall_1.text)
 *(.initcall_2.text)
 *(.initcall_3.text)
 *(.initcall_4.text)
 *(.initcall_5.text)
 *(.initcall_6.text)
 *(.initcall_7.text)
 *(.initcall_8.text)
 *(.initcall_9.text)
                0x0000000080006688                PROVIDE (__initcall_end, .)

.exitcall       0x0000000080006688        0x0
                0x0000000080006688                PROVIDE (__exitcall_start, .)
 *(.exitcall_9.text)
 *(.exitcall_8.text)
 *(.exitcall_7.text)
 *(.exitcall_6.text)
 *(.exitcall_5.text)
 *(.exitcall_4.text)
 *(.exitcall_3.text)
 *(.exitcall_2.text)
 *(.exitcall_1.text)
 *(.exitcall_0.text)
                0x0000000080006688                PROVIDE (__exitcall_end, .)

.ksymtab        0x0000000080006688        0x0
                0x0000000080006688                PROVIDE (__ksymtab_start, .)
 *(.ksymtab.text)
                0x0000000080006688                PROVIDE (__ksymtab_end, .)

.romdisk        0x0000000080006688        0x0
                0x0000000080006688                PROVIDE (__romdisk_start, .)
 *(.romdisk)
                0x0000000080006688                PROVIDE (__romdisk_end, .)

.rodata         0x0000000080006688      0x724
                0x0000000080006688                PROVIDE (__rodata_start, .)
 *(SORT(.rodata*))
 .rodata        0x0000000080006688       0x7c build/driver/gpio-f1c100s.o
                0x00000000800066a4                GPIO_PF
                0x00000000800066b4                GPIO_PE
                0x00000000800066c4                GPIO_PD
                0x00000000800066d4                GPIO_PC
                0x00000000800066e4                GPIO_PB
                0x00000000800066f4                GPIO_PA
 .rodata        0x0000000080006704       0x40 build/driver/pwm-f1c100s.o
                0x0000000080006704                prescaler_table
 .rodata        0x0000000080006744      0x11c build/lib/malloc.o
 .rodata        0x0000000080006860       0x10 build/driver/clk-f1c100s-pll.o
                0x0000000080006860                clk_hosc
 .rodata.str1.4
                0x0000000080006870      0x516 build/lib/malloc.o
                                        0x518 (size before relaxing)
 *fill*         0x0000000080006d86        0x2 
 .rodata.str1.4
                0x0000000080006d88       0x24 build/driver/fb-f1c100s.o
                0x0000000080006dac                PROVIDE (__rodata_end, .)

.data_shadow    0x0000000080006db0        0x0
                0x0000000080006db0                PROVIDE (__data_shadow_start, .)
                0x0000000080006e0c                PROVIDE (__data_shadow_end, (. + SIZEOF (.data)))
                0x0000000080006e0c                PROVIDE (__image_end, __data_shadow_end)

.data           0x0000000080006dac       0x5c load address 0x0000000080006db0
                0x0000000080006dac                PROVIDE (__data_start, .)
 *(.data*)
 .data          0x0000000080006dac        0x0 build/main.o
 .data          0x0000000080006dac        0x0 build/machine/sys-clock.o
 .data          0x0000000080006dac        0x0 build/machine/sys-dram.o
 .data          0x0000000080006dac        0x0 build/machine/sys-uart.o
 .data          0x0000000080006dac        0x0 build/machine/sys-copyself.o
 .data          0x0000000080006dac        0x0 build/machine/sys-spi-flash.o
 .data          0x0000000080006dac        0x0 build/machine/sys-mmu.o
 .data          0x0000000080006dac        0x0 build/machine/exception.o
 .data          0x0000000080006dac        0x0 build/driver/gpio-f1c100s.o
 .data          0x0000000080006dac        0x0 build/driver/pwm-f1c100s.o
 .data          0x0000000080006dac        0x0 build/driver/reset-f1c100s.o
 .data          0x0000000080006dac        0x0 build/lib/malloc.o
 .data          0x0000000080006dac        0x0 build/lib/dma.o
 .data          0x0000000080006dac        0x0 build/driver/clk-f1c100s-pll.o
 .data          0x0000000080006dac       0x58 build/driver/fb-f1c100s.o
                0x0000000080006dd0                reset_2
                0x0000000080006dec                reset_3
                0x0000000080006df8                reset_1
 .data          0x0000000080006e04        0x0 build/machine/start.o
 .data          0x0000000080006e04        0x0 build/arch/arm32/lib/memcpy.o
 .data          0x0000000080006e04        0x0 build/arch/arm32/lib/memset.o
 .data          0x0000000080006e04        0x0 /home/johnny/licheepi/u-boot-rampup/gcc-linaro-5.3.1-2016.05-x86_64_arm-eabi/bin/../lib/gcc/arm-eabi/5.3.1/libgcc.a(_aeabi_uldivmod.o)
 .data          0x0000000080006e04        0x0 /home/johnny/licheepi/u-boot-rampup/gcc-linaro-5.3.1-2016.05-x86_64_arm-eabi/bin/../lib/gcc/arm-eabi/5.3.1/libgcc.a(_udivmoddi4.o)
 .data          0x0000000080006e04        0x0 /home/johnny/licheepi/u-boot-rampup/gcc-linaro-5.3.1-2016.05-x86_64_arm-eabi/bin/../lib/gcc/arm-eabi/5.3.1/libgcc.a(_dvmd_tls.o)
 .data          0x0000000080006e04        0x0 /home/johnny/licheepi/u-boot-rampup/gcc-linaro-5.3.1-2016.05-x86_64_arm-eabi/bin/../lib/gcc/arm-eabi/5.3.1/libgcc.a(_clzdi2.o)
 .data          0x0000000080006e04        0x0 /home/johnny/licheepi/u-boot-rampup/gcc-linaro-5.3.1-2016.05-x86_64_arm-eabi/bin/../lib/gcc/arm-eabi/5.3.1/libgcc.a(_clzsi2.o)
                0x0000000080006e08                . = ALIGN (0x8)
 *fill*         0x0000000080006e04        0x4 
                0x0000000080006e08                PROVIDE (__data_end, .)

.igot.plt       0x0000000080006e08        0x0 load address 0x0000000080006e0c
 .igot.plt      0x0000000080006e08        0x0 build/main.o

.ARM.exidx      0x0000000080006e08        0x8 load address 0x0000000080006e0c
                0x0000000080006e08                PROVIDE (__exidx_start, .)
 *(.ARM.exidx*)
 .ARM.exidx     0x0000000080006e08        0x8 /home/johnny/licheepi/u-boot-rampup/gcc-linaro-5.3.1-2016.05-x86_64_arm-eabi/bin/../lib/gcc/arm-eabi/5.3.1/libgcc.a(_udivmoddi4.o)
                0x0000000080006e10                PROVIDE (__exidx_end, .)

.ARM.extab      0x0000000080006e10        0x0 load address 0x0000000080006e14
                0x0000000080006e10                PROVIDE (__extab_start, .)
 *(.ARM.extab*)
 .ARM.extab     0x0000000080006e10        0x0 /home/johnny/licheepi/u-boot-rampup/gcc-linaro-5.3.1-2016.05-x86_64_arm-eabi/bin/../lib/gcc/arm-eabi/5.3.1/libgcc.a(_udivmoddi4.o)
                0x0000000080006e10                PROVIDE (__extab_end, .)

.rel.dyn        0x0000000080006e10        0x0 load address 0x0000000080006e14
 .rel.iplt      0x0000000080006e10        0x0 build/main.o

.bss            0x0000000080006e10       0x88 load address 0x0000000080006e14
                0x0000000080006e10                PROVIDE (__bss_start, .)
 *(.bss*)
 .bss           0x0000000080006e10        0x0 build/main.o
 .bss           0x0000000080006e10        0x0 build/machine/sys-clock.o
 .bss           0x0000000080006e10        0x0 build/machine/sys-dram.o
 .bss           0x0000000080006e10        0x0 build/machine/sys-uart.o
 .bss           0x0000000080006e10        0x0 build/machine/sys-copyself.o
 .bss           0x0000000080006e10        0x0 build/machine/sys-spi-flash.o
 .bss           0x0000000080006e10        0x0 build/machine/sys-mmu.o
 .bss           0x0000000080006e10        0x0 build/machine/exception.o
 .bss           0x0000000080006e10        0x0 build/driver/gpio-f1c100s.o
 .bss           0x0000000080006e10        0x0 build/driver/pwm-f1c100s.o
 .bss           0x0000000080006e10        0x0 build/driver/reset-f1c100s.o
 .bss           0x0000000080006e10        0x4 build/lib/malloc.o
 .bss           0x0000000080006e14        0x4 build/lib/dma.o
 .bss           0x0000000080006e18        0x0 build/driver/clk-f1c100s-pll.o
 .bss           0x0000000080006e18        0x0 build/driver/fb-f1c100s.o
 .bss           0x0000000080006e18        0x0 build/machine/start.o
 .bss           0x0000000080006e18        0x0 build/arch/arm32/lib/memcpy.o
 .bss           0x0000000080006e18        0x0 build/arch/arm32/lib/memset.o
 .bss           0x0000000080006e18        0x0 /home/johnny/licheepi/u-boot-rampup/gcc-linaro-5.3.1-2016.05-x86_64_arm-eabi/bin/../lib/gcc/arm-eabi/5.3.1/libgcc.a(_aeabi_uldivmod.o)
 .bss           0x0000000080006e18        0x0 /home/johnny/licheepi/u-boot-rampup/gcc-linaro-5.3.1-2016.05-x86_64_arm-eabi/bin/../lib/gcc/arm-eabi/5.3.1/libgcc.a(_udivmoddi4.o)
 .bss           0x0000000080006e18        0x0 /home/johnny/licheepi/u-boot-rampup/gcc-linaro-5.3.1-2016.05-x86_64_arm-eabi/bin/../lib/gcc/arm-eabi/5.3.1/libgcc.a(_dvmd_tls.o)
 .bss           0x0000000080006e18        0x0 /home/johnny/licheepi/u-boot-rampup/gcc-linaro-5.3.1-2016.05-x86_64_arm-eabi/bin/../lib/gcc/arm-eabi/5.3.1/libgcc.a(_clzdi2.o)
 .bss           0x0000000080006e18        0x0 /home/johnny/licheepi/u-boot-rampup/gcc-linaro-5.3.1-2016.05-x86_64_arm-eabi/bin/../lib/gcc/arm-eabi/5.3.1/libgcc.a(_clzsi2.o)
 *(.sbss*)
 *(COMMON)
 COMMON         0x0000000080006e18       0x7c build/driver/fb-f1c100s.o
                0x0000000080006e18                fb_f1c100s_pData
                0x0000000080006e98                . = ALIGN (0x8)
 *fill*         0x0000000080006e94        0x4 
                0x0000000080006e98                PROVIDE (__bss_end, .)

.stack          0x0000000080006e98    0x80000 load address 0x0000000080006e9c
                0x0000000080006e98                PROVIDE (__stack_start, .)
                0x0000000080006e98                PROVIDE (__stack_und_start, .)
                0x0000000080016e98                . = (. + STACK_UND_SIZE)
 *fill*         0x0000000080006e98    0x10000 
                0x0000000080016e98                PROVIDE (__stack_und_end, .)
                0x0000000080016e98                . = ALIGN (0x8)
                0x0000000080016e98                PROVIDE (__stack_abt_start, .)
                0x0000000080026e98                . = (. + STACK_ABT_SIZE)
 *fill*         0x0000000080016e98    0x10000 
                0x0000000080026e98                PROVIDE (__stack_abt_end, .)
                0x0000000080026e98                . = ALIGN (0x8)
                0x0000000080026e98                PROVIDE (__stack_irq_start, .)
                0x0000000080036e98                . = (. + STACK_IRQ_SIZE)
 *fill*         0x0000000080026e98    0x10000 
                0x0000000080036e98                PROVIDE (__stack_irq_end, .)
                0x0000000080036e98                . = ALIGN (0x8)
                0x0000000080036e98                PROVIDE (__stack_fiq_start, .)
                0x0000000080046e98                . = (. + STACK_FIQ_SIZE)
 *fill*         0x0000000080036e98    0x10000 
                0x0000000080046e98                PROVIDE (__stack_fiq_end, .)
                0x0000000080046e98                . = ALIGN (0x8)
                0x0000000080046e98                PROVIDE (__stack_srv_start, .)
                0x0000000080086e98                . = (. + STACK_SRV_SIZE)
 *fill*         0x0000000080046e98    0x40000 
                0x0000000080086e98                PROVIDE (__stack_srv_end, .)
                0x0000000080086e98                . = ALIGN (0x8)
                0x0000000080086e98                PROVIDE (__stack_end, .)

.dma            0x0000000080086e98        0x0
                0x0000000080800000                PROVIDE (__dma_start, ORIGIN (dma))
                0x0000000081000000                PROVIDE (__dma_end, (ORIGIN (dma) + 0x800000))

.heap           0x0000000080086e98        0x0
                0x0000000081000000                PROVIDE (__heap_start, ORIGIN (heap))
                0x0000000082000000                PROVIDE (__heap_end, (ORIGIN (heap) + 0x1000000))

.stab
 *(.stab)

.stabstr
 *(.stabstr)

.stab.excl
 *(.stab.excl)

.stab.exclstr
 *(.stab.exclstr)

.stab.index
 *(.stab.index)

.stab.indexstr
 *(.stab.indexstr)

.comment        0x0000000000000000       0x2d
 *(.comment)
 .comment       0x0000000000000000       0x2d build/main.o
                                         0x2e (size before relaxing)
 .comment       0x000000000000002d       0x2e build/machine/sys-clock.o
 .comment       0x000000000000002d       0x2e build/machine/sys-dram.o
 .comment       0x000000000000002d       0x2e build/machine/sys-uart.o
 .comment       0x000000000000002d       0x2e build/machine/sys-copyself.o
 .comment       0x000000000000002d       0x2e build/machine/sys-spi-flash.o
 .comment       0x000000000000002d       0x2e build/machine/sys-mmu.o
 .comment       0x000000000000002d       0x2e build/machine/exception.o
 .comment       0x000000000000002d       0x2e build/driver/gpio-f1c100s.o
 .comment       0x000000000000002d       0x2e build/driver/pwm-f1c100s.o
 .comment       0x000000000000002d       0x2e build/driver/reset-f1c100s.o
 .comment       0x000000000000002d       0x2e build/lib/malloc.o
 .comment       0x000000000000002d       0x2e build/lib/dma.o
 .comment       0x000000000000002d       0x2e build/driver/clk-f1c100s-pll.o
 .comment       0x000000000000002d       0x2e build/driver/fb-f1c100s.o
 .comment       0x000000000000002d       0x2e /home/johnny/licheepi/u-boot-rampup/gcc-linaro-5.3.1-2016.05-x86_64_arm-eabi/bin/../lib/gcc/arm-eabi/5.3.1/libgcc.a(_udivmoddi4.o)

.ARM.attributes
                0x0000000000000000       0x29
 .ARM.attributes
                0x0000000000000000       0x2b build/main.o
 .ARM.attributes
                0x000000000000002b       0x2b build/machine/sys-clock.o
 .ARM.attributes
                0x0000000000000056       0x2b build/machine/sys-dram.o
 .ARM.attributes
                0x0000000000000081       0x2b build/machine/sys-uart.o
 .ARM.attributes
                0x00000000000000ac       0x2b build/machine/sys-copyself.o
 .ARM.attributes
                0x00000000000000d7       0x2b build/machine/sys-spi-flash.o
 .ARM.attributes
                0x0000000000000102       0x2b build/machine/sys-mmu.o
 .ARM.attributes
                0x000000000000012d       0x2b build/machine/exception.o
 .ARM.attributes
                0x0000000000000158       0x2b build/driver/gpio-f1c100s.o
 .ARM.attributes
                0x0000000000000183       0x2b build/driver/pwm-f1c100s.o
 .ARM.attributes
                0x00000000000001ae       0x2b build/driver/reset-f1c100s.o
 .ARM.attributes
                0x00000000000001d9       0x2b build/lib/malloc.o
 .ARM.attributes
                0x0000000000000204       0x2b build/lib/dma.o
 .ARM.attributes
                0x000000000000022f       0x2b build/driver/clk-f1c100s-pll.o
 .ARM.attributes
                0x000000000000025a       0x2b build/driver/fb-f1c100s.o
 .ARM.attributes
                0x0000000000000285       0x1b build/machine/start.o
 .ARM.attributes
                0x00000000000002a0       0x1b build/arch/arm32/lib/memcpy.o
 .ARM.attributes
                0x00000000000002bb       0x1b build/arch/arm32/lib/memset.o
 .ARM.attributes
                0x00000000000002d6       0x18 /home/johnny/licheepi/u-boot-rampup/gcc-linaro-5.3.1-2016.05-x86_64_arm-eabi/bin/../lib/gcc/arm-eabi/5.3.1/libgcc.a(_aeabi_uldivmod.o)
 .ARM.attributes
                0x00000000000002ee       0x30 /home/johnny/licheepi/u-boot-rampup/gcc-linaro-5.3.1-2016.05-x86_64_arm-eabi/bin/../lib/gcc/arm-eabi/5.3.1/libgcc.a(_udivmoddi4.o)
 .ARM.attributes
                0x000000000000031e       0x18 /home/johnny/licheepi/u-boot-rampup/gcc-linaro-5.3.1-2016.05-x86_64_arm-eabi/bin/../lib/gcc/arm-eabi/5.3.1/libgcc.a(_dvmd_tls.o)
 .ARM.attributes
                0x0000000000000336       0x18 /home/johnny/licheepi/u-boot-rampup/gcc-linaro-5.3.1-2016.05-x86_64_arm-eabi/bin/../lib/gcc/arm-eabi/5.3.1/libgcc.a(_clzdi2.o)
 .ARM.attributes
                0x000000000000034e       0x18 /home/johnny/licheepi/u-boot-rampup/gcc-linaro-5.3.1-2016.05-x86_64_arm-eabi/bin/../lib/gcc/arm-eabi/5.3.1/libgcc.a(_clzsi2.o)

.debug_abbrev   0x0000000000000000     0x1ca0
 *(.debug_abbrev)
 .debug_abbrev  0x0000000000000000      0x1ac build/main.o
 .debug_abbrev  0x00000000000001ac      0x138 build/machine/sys-clock.o
 .debug_abbrev  0x00000000000002e4      0x279 build/machine/sys-dram.o
 .debug_abbrev  0x000000000000055d       0xf8 build/machine/sys-uart.o
 .debug_abbrev  0x0000000000000655      0x11d build/machine/sys-copyself.o
 .debug_abbrev  0x0000000000000772      0x1cf build/machine/sys-spi-flash.o
 .debug_abbrev  0x0000000000000941      0x159 build/machine/sys-mmu.o
 .debug_abbrev  0x0000000000000a9a      0x102 build/machine/exception.o
 .debug_abbrev  0x0000000000000b9c      0x2c7 build/driver/gpio-f1c100s.o
 .debug_abbrev  0x0000000000000e63      0x22d build/driver/pwm-f1c100s.o
 .debug_abbrev  0x0000000000001090      0x111 build/driver/reset-f1c100s.o
 .debug_abbrev  0x00000000000011a1      0x397 build/lib/malloc.o
 .debug_abbrev  0x0000000000001538      0x102 build/lib/dma.o
 .debug_abbrev  0x000000000000163a      0x19b build/driver/clk-f1c100s-pll.o
 .debug_abbrev  0x00000000000017d5      0x3b6 build/driver/fb-f1c100s.o
 .debug_abbrev  0x0000000000001b8b       0x14 build/machine/start.o
 .debug_abbrev  0x0000000000001b9f       0x14 build/arch/arm32/lib/memcpy.o
 .debug_abbrev  0x0000000000001bb3       0x14 build/arch/arm32/lib/memset.o
 .debug_abbrev  0x0000000000001bc7       0x14 /home/johnny/licheepi/u-boot-rampup/gcc-linaro-5.3.1-2016.05-x86_64_arm-eabi/bin/../lib/gcc/arm-eabi/5.3.1/libgcc.a(_aeabi_uldivmod.o)
 .debug_abbrev  0x0000000000001bdb       0x89 /home/johnny/licheepi/u-boot-rampup/gcc-linaro-5.3.1-2016.05-x86_64_arm-eabi/bin/../lib/gcc/arm-eabi/5.3.1/libgcc.a(_udivmoddi4.o)
 .debug_abbrev  0x0000000000001c64       0x14 /home/johnny/licheepi/u-boot-rampup/gcc-linaro-5.3.1-2016.05-x86_64_arm-eabi/bin/../lib/gcc/arm-eabi/5.3.1/libgcc.a(_dvmd_tls.o)
 .debug_abbrev  0x0000000000001c78       0x14 /home/johnny/licheepi/u-boot-rampup/gcc-linaro-5.3.1-2016.05-x86_64_arm-eabi/bin/../lib/gcc/arm-eabi/5.3.1/libgcc.a(_clzdi2.o)
 .debug_abbrev  0x0000000000001c8c       0x14 /home/johnny/licheepi/u-boot-rampup/gcc-linaro-5.3.1-2016.05-x86_64_arm-eabi/bin/../lib/gcc/arm-eabi/5.3.1/libgcc.a(_clzsi2.o)

.debug_info     0x0000000000000000    0x104f7
 *(.debug_info)
 .debug_info    0x0000000000000000      0x387 build/main.o
 .debug_info    0x0000000000000387      0x495 build/machine/sys-clock.o
 .debug_info    0x000000000000081c     0x110d build/machine/sys-dram.o
 .debug_info    0x0000000000001929      0x405 build/machine/sys-uart.o
 .debug_info    0x0000000000001d2e      0x46e build/machine/sys-copyself.o
 .debug_info    0x000000000000219c      0xa6f build/machine/sys-spi-flash.o
 .debug_info    0x0000000000002c0b      0x450 build/machine/sys-mmu.o
 .debug_info    0x000000000000305b      0x198 build/machine/exception.o
 .debug_info    0x00000000000031f3      0xa4f build/driver/gpio-f1c100s.o
 .debug_info    0x0000000000003c42      0x9d7 build/driver/pwm-f1c100s.o
 .debug_info    0x0000000000004619      0x211 build/driver/reset-f1c100s.o
 .debug_info    0x000000000000482a     0x8a91 build/lib/malloc.o
 .debug_info    0x000000000000d2bb      0x23a build/lib/dma.o
 .debug_info    0x000000000000d4f5      0x5da build/driver/clk-f1c100s-pll.o
 .debug_info    0x000000000000dacf     0x2158 build/driver/fb-f1c100s.o
 .debug_info    0x000000000000fc27       0x6c build/machine/start.o
 .debug_info    0x000000000000fc93       0x74 build/arch/arm32/lib/memcpy.o
 .debug_info    0x000000000000fd07       0x74 build/arch/arm32/lib/memset.o
 .debug_info    0x000000000000fd7b      0x183 /home/johnny/licheepi/u-boot-rampup/gcc-linaro-5.3.1-2016.05-x86_64_arm-eabi/bin/../lib/gcc/arm-eabi/5.3.1/libgcc.a(_aeabi_uldivmod.o)
 .debug_info    0x000000000000fefe      0x164 /home/johnny/licheepi/u-boot-rampup/gcc-linaro-5.3.1-2016.05-x86_64_arm-eabi/bin/../lib/gcc/arm-eabi/5.3.1/libgcc.a(_udivmoddi4.o)
 .debug_info    0x0000000000010062      0x187 /home/johnny/licheepi/u-boot-rampup/gcc-linaro-5.3.1-2016.05-x86_64_arm-eabi/bin/../lib/gcc/arm-eabi/5.3.1/libgcc.a(_dvmd_tls.o)
 .debug_info    0x00000000000101e9      0x187 /home/johnny/licheepi/u-boot-rampup/gcc-linaro-5.3.1-2016.05-x86_64_arm-eabi/bin/../lib/gcc/arm-eabi/5.3.1/libgcc.a(_clzdi2.o)
 .debug_info    0x0000000000010370      0x187 /home/johnny/licheepi/u-boot-rampup/gcc-linaro-5.3.1-2016.05-x86_64_arm-eabi/bin/../lib/gcc/arm-eabi/5.3.1/libgcc.a(_clzsi2.o)

.debug_line     0x0000000000000000     0x3878
 *(.debug_line)
 .debug_line    0x0000000000000000      0x182 build/main.o
 .debug_line    0x0000000000000182      0x19e build/machine/sys-clock.o
 .debug_line    0x0000000000000320      0x528 build/machine/sys-dram.o
 .debug_line    0x0000000000000848      0x17d build/machine/sys-uart.o
 .debug_line    0x00000000000009c5      0x104 build/machine/sys-copyself.o
 .debug_line    0x0000000000000ac9      0x2a9 build/machine/sys-spi-flash.o
 .debug_line    0x0000000000000d72      0x130 build/machine/sys-mmu.o
 .debug_line    0x0000000000000ea2       0xc4 build/machine/exception.o
 .debug_line    0x0000000000000f66      0x22d build/driver/gpio-f1c100s.o
 .debug_line    0x0000000000001193      0x476 build/driver/pwm-f1c100s.o
 .debug_line    0x0000000000001609      0x141 build/driver/reset-f1c100s.o
 .debug_line    0x000000000000174a     0x111d build/lib/malloc.o
 .debug_line    0x0000000000002867       0x51 build/lib/dma.o
 .debug_line    0x00000000000028b8      0x2a4 build/driver/clk-f1c100s-pll.o
 .debug_line    0x0000000000002b5c      0x5f0 build/driver/fb-f1c100s.o
 .debug_line    0x000000000000314c       0xf6 build/machine/start.o
 .debug_line    0x0000000000003242      0x169 build/arch/arm32/lib/memcpy.o
 .debug_line    0x00000000000033ab       0x70 build/arch/arm32/lib/memset.o
 .debug_line    0x000000000000341b       0xd0 /home/johnny/licheepi/u-boot-rampup/gcc-linaro-5.3.1-2016.05-x86_64_arm-eabi/bin/../lib/gcc/arm-eabi/5.3.1/libgcc.a(_aeabi_uldivmod.o)
 .debug_line    0x00000000000034eb      0x106 /home/johnny/licheepi/u-boot-rampup/gcc-linaro-5.3.1-2016.05-x86_64_arm-eabi/bin/../lib/gcc/arm-eabi/5.3.1/libgcc.a(_udivmoddi4.o)
 .debug_line    0x00000000000035f1       0xd0 /home/johnny/licheepi/u-boot-rampup/gcc-linaro-5.3.1-2016.05-x86_64_arm-eabi/bin/../lib/gcc/arm-eabi/5.3.1/libgcc.a(_dvmd_tls.o)
 .debug_line    0x00000000000036c1       0xda /home/johnny/licheepi/u-boot-rampup/gcc-linaro-5.3.1-2016.05-x86_64_arm-eabi/bin/../lib/gcc/arm-eabi/5.3.1/libgcc.a(_clzdi2.o)
 .debug_line    0x000000000000379b       0xdd /home/johnny/licheepi/u-boot-rampup/gcc-linaro-5.3.1-2016.05-x86_64_arm-eabi/bin/../lib/gcc/arm-eabi/5.3.1/libgcc.a(_clzsi2.o)

.debug_pubnames
 *(.debug_pubnames)

.debug_aranges  0x0000000000000000      0x318
 *(.debug_aranges)
 .debug_aranges
                0x0000000000000000       0x20 build/main.o
 .debug_aranges
                0x0000000000000020       0x20 build/machine/sys-clock.o
 .debug_aranges
                0x0000000000000040       0x20 build/machine/sys-dram.o
 .debug_aranges
                0x0000000000000060       0x20 build/machine/sys-uart.o
 .debug_aranges
                0x0000000000000080       0x20 build/machine/sys-copyself.o
 .debug_aranges
                0x00000000000000a0       0x20 build/machine/sys-spi-flash.o
 .debug_aranges
                0x00000000000000c0       0x20 build/machine/sys-mmu.o
 .debug_aranges
                0x00000000000000e0       0x20 build/machine/exception.o
 .debug_aranges
                0x0000000000000100       0x20 build/driver/gpio-f1c100s.o
 .debug_aranges
                0x0000000000000120       0x20 build/driver/pwm-f1c100s.o
 .debug_aranges
                0x0000000000000140       0x20 build/driver/reset-f1c100s.o
 .debug_aranges
                0x0000000000000160       0x58 build/lib/malloc.o
 .debug_aranges
                0x00000000000001b8       0x20 build/lib/dma.o
 .debug_aranges
                0x00000000000001d8       0x20 build/driver/clk-f1c100s-pll.o
 .debug_aranges
                0x00000000000001f8       0x20 build/driver/fb-f1c100s.o
 .debug_aranges
                0x0000000000000218       0x20 build/machine/start.o
 .debug_aranges
                0x0000000000000238       0x20 build/arch/arm32/lib/memcpy.o
 .debug_aranges
                0x0000000000000258       0x20 build/arch/arm32/lib/memset.o
 .debug_aranges
                0x0000000000000278       0x20 /home/johnny/licheepi/u-boot-rampup/gcc-linaro-5.3.1-2016.05-x86_64_arm-eabi/bin/../lib/gcc/arm-eabi/5.3.1/libgcc.a(_aeabi_uldivmod.o)
 .debug_aranges
                0x0000000000000298       0x20 /home/johnny/licheepi/u-boot-rampup/gcc-linaro-5.3.1-2016.05-x86_64_arm-eabi/bin/../lib/gcc/arm-eabi/5.3.1/libgcc.a(_udivmoddi4.o)
 .debug_aranges
                0x00000000000002b8       0x20 /home/johnny/licheepi/u-boot-rampup/gcc-linaro-5.3.1-2016.05-x86_64_arm-eabi/bin/../lib/gcc/arm-eabi/5.3.1/libgcc.a(_dvmd_tls.o)
 .debug_aranges
                0x00000000000002d8       0x20 /home/johnny/licheepi/u-boot-rampup/gcc-linaro-5.3.1-2016.05-x86_64_arm-eabi/bin/../lib/gcc/arm-eabi/5.3.1/libgcc.a(_clzdi2.o)
 .debug_aranges
                0x00000000000002f8       0x20 /home/johnny/licheepi/u-boot-rampup/gcc-linaro-5.3.1-2016.05-x86_64_arm-eabi/bin/../lib/gcc/arm-eabi/5.3.1/libgcc.a(_clzsi2.o)
OUTPUT(build/firmware.elf elf32-littlearm)

.debug_loc      0x0000000000000000    0x149f5
 .debug_loc     0x0000000000000000       0x74 build/main.o
 .debug_loc     0x0000000000000074      0x3b3 build/machine/sys-clock.o
 .debug_loc     0x0000000000000427     0x1243 build/machine/sys-dram.o
 .debug_loc     0x000000000000166a      0x393 build/machine/sys-uart.o
 .debug_loc     0x00000000000019fd       0x13 build/machine/sys-copyself.o
 .debug_loc     0x0000000000001a10      0x7e9 build/machine/sys-spi-flash.o
 .debug_loc     0x00000000000021f9      0x137 build/machine/sys-mmu.o
 .debug_loc     0x0000000000002330      0xa3e build/driver/gpio-f1c100s.o
 .debug_loc     0x0000000000002d6e     0x1740 build/driver/pwm-f1c100s.o
 .debug_loc     0x00000000000044ae       0xc6 build/driver/reset-f1c100s.o
 .debug_loc     0x0000000000004574     0xe770 build/lib/malloc.o
 .debug_loc     0x0000000000012ce4       0xa5 build/lib/dma.o
 .debug_loc     0x0000000000012d89      0x881 build/driver/clk-f1c100s-pll.o
 .debug_loc     0x000000000001360a     0x124d build/driver/fb-f1c100s.o
 .debug_loc     0x0000000000014857      0x19e /home/johnny/licheepi/u-boot-rampup/gcc-linaro-5.3.1-2016.05-x86_64_arm-eabi/bin/../lib/gcc/arm-eabi/5.3.1/libgcc.a(_udivmoddi4.o)

.debug_ranges   0x0000000000000000     0x37e8
 .debug_ranges  0x0000000000000000       0x18 build/main.o
 .debug_ranges  0x0000000000000018      0x100 build/machine/sys-clock.o
 .debug_ranges  0x0000000000000118      0x4c0 build/machine/sys-dram.o
 .debug_ranges  0x00000000000005d8       0x68 build/machine/sys-uart.o
 .debug_ranges  0x0000000000000640       0x18 build/machine/sys-copyself.o
 .debug_ranges  0x0000000000000658      0x1f8 build/machine/sys-spi-flash.o
 .debug_ranges  0x0000000000000850       0x30 build/machine/sys-mmu.o
 .debug_ranges  0x0000000000000880       0x60 build/driver/gpio-f1c100s.o
 .debug_ranges  0x00000000000008e0      0x1b8 build/driver/pwm-f1c100s.o
 .debug_ranges  0x0000000000000a98       0x30 build/driver/reset-f1c100s.o
 .debug_ranges  0x0000000000000ac8     0x2900 build/lib/malloc.o
 .debug_ranges  0x00000000000033c8       0xd8 build/driver/clk-f1c100s-pll.o
 .debug_ranges  0x00000000000034a0      0x348 build/driver/fb-f1c100s.o

.debug_str      0x0000000000000000     0x1eb5
 .debug_str     0x0000000000000000      0x2d4 build/main.o
                                        0x32c (size before relaxing)
 .debug_str     0x00000000000002d4       0x8a build/machine/sys-clock.o
                                        0x1dc (size before relaxing)
 .debug_str     0x000000000000035e      0x1b9 build/machine/sys-dram.o
                                        0x372 (size before relaxing)
 .debug_str     0x0000000000000517       0x21 build/machine/sys-uart.o
                                        0x1af (size before relaxing)
 .debug_str     0x0000000000000538       0xd2 build/machine/sys-copyself.o
                                        0x231 (size before relaxing)
 .debug_str     0x000000000000060a      0x109 build/machine/sys-spi-flash.o
                                        0x2d7 (size before relaxing)
 .debug_str     0x0000000000000713       0xe4 build/machine/sys-mmu.o
                                        0x261 (size before relaxing)
 .debug_str     0x00000000000007f7       0x83 build/machine/exception.o
                                        0x1e2 (size before relaxing)
 .debug_str     0x000000000000087a      0x2b6 build/driver/gpio-f1c100s.o
                                        0x452 (size before relaxing)
 .debug_str     0x0000000000000b30       0xcf build/driver/pwm-f1c100s.o
                                        0x2ae (size before relaxing)
 .debug_str     0x0000000000000bff       0x6b build/driver/reset-f1c100s.o
                                        0x205 (size before relaxing)
 .debug_str     0x0000000000000c6a      0x604 build/lib/malloc.o
                                        0x7d0 (size before relaxing)
 .debug_str     0x000000000000126e       0x8c build/lib/dma.o
                                        0x224 (size before relaxing)
 .debug_str     0x00000000000012fa       0xef build/driver/clk-f1c100s-pll.o
                                        0x2a0 (size before relaxing)
 .debug_str     0x00000000000013e9      0x8b4 build/driver/fb-f1c100s.o
                                        0xe0b (size before relaxing)
 .debug_str     0x0000000000001c9d      0x218 /home/johnny/licheepi/u-boot-rampup/gcc-linaro-5.3.1-2016.05-x86_64_arm-eabi/bin/../lib/gcc/arm-eabi/5.3.1/libgcc.a(_udivmoddi4.o)
                                        0x2b7 (size before relaxing)

.debug_frame    0x0000000000000000      0x9d0
 .debug_frame   0x0000000000000000       0x4c build/main.o
 .debug_frame   0x000000000000004c       0x20 build/machine/sys-clock.o
 .debug_frame   0x000000000000006c       0x78 build/machine/sys-dram.o
 .debug_frame   0x00000000000000e4       0x38 build/machine/sys-uart.o
 .debug_frame   0x000000000000011c       0x40 build/machine/sys-copyself.o
 .debug_frame   0x000000000000015c       0x50 build/machine/sys-spi-flash.o
 .debug_frame   0x00000000000001ac       0x20 build/machine/sys-mmu.o
 .debug_frame   0x00000000000001cc       0x70 build/machine/exception.o
 .debug_frame   0x000000000000023c       0xf4 build/driver/gpio-f1c100s.o
 .debug_frame   0x0000000000000330       0xb8 build/driver/pwm-f1c100s.o
 .debug_frame   0x00000000000003e8       0x30 build/driver/reset-f1c100s.o
 .debug_frame   0x0000000000000418      0x358 build/lib/malloc.o
 .debug_frame   0x0000000000000770       0x78 build/lib/dma.o
 .debug_frame   0x00000000000007e8       0x80 build/driver/clk-f1c100s-pll.o
 .debug_frame   0x0000000000000868       0xf4 build/driver/fb-f1c100s.o
 .debug_frame   0x000000000000095c       0x2c /home/johnny/licheepi/u-boot-rampup/gcc-linaro-5.3.1-2016.05-x86_64_arm-eabi/bin/../lib/gcc/arm-eabi/5.3.1/libgcc.a(_aeabi_uldivmod.o)
 .debug_frame   0x0000000000000988       0x48 /home/johnny/licheepi/u-boot-rampup/gcc-linaro-5.3.1-2016.05-x86_64_arm-eabi/bin/../lib/gcc/arm-eabi/5.3.1/libgcc.a(_udivmoddi4.o)

Cross Reference Table

Symbol                                            File
GPIO_PA                                           build/driver/gpio-f1c100s.o
GPIO_PB                                           build/driver/gpio-f1c100s.o
GPIO_PC                                           build/driver/gpio-f1c100s.o
GPIO_PD                                           build/driver/gpio-f1c100s.o
                                                  build/driver/fb-f1c100s.o
GPIO_PE                                           build/driver/gpio-f1c100s.o
                                                  build/driver/fb-f1c100s.o
GPIO_PF                                           build/driver/gpio-f1c100s.o
__aeabi_idiv0                                     /home/johnny/licheepi/u-boot-rampup/gcc-linaro-5.3.1-2016.05-x86_64_arm-eabi/bin/../lib/gcc/arm-eabi/5.3.1/libgcc.a(_dvmd_tls.o)
__aeabi_ldiv0                                     /home/johnny/licheepi/u-boot-rampup/gcc-linaro-5.3.1-2016.05-x86_64_arm-eabi/bin/../lib/gcc/arm-eabi/5.3.1/libgcc.a(_dvmd_tls.o)
                                                  /home/johnny/licheepi/u-boot-rampup/gcc-linaro-5.3.1-2016.05-x86_64_arm-eabi/bin/../lib/gcc/arm-eabi/5.3.1/libgcc.a(_aeabi_uldivmod.o)
__aeabi_uldivmod                                  /home/johnny/licheepi/u-boot-rampup/gcc-linaro-5.3.1-2016.05-x86_64_arm-eabi/bin/../lib/gcc/arm-eabi/5.3.1/libgcc.a(_aeabi_uldivmod.o)
                                                  build/driver/fb-f1c100s.o
                                                  build/driver/clk-f1c100s-pll.o
                                                  build/driver/pwm-f1c100s.o
__assert_func                                     build/main.o
                                                  build/lib/malloc.o
__bootloader_size                                 build/machine/start.o
__bss_end                                         build/machine/start.o
__bss_start                                       build/machine/start.o
__clzdi2                                          /home/johnny/licheepi/u-boot-rampup/gcc-linaro-5.3.1-2016.05-x86_64_arm-eabi/bin/../lib/gcc/arm-eabi/5.3.1/libgcc.a(_clzdi2.o)
                                                  /home/johnny/licheepi/u-boot-rampup/gcc-linaro-5.3.1-2016.05-x86_64_arm-eabi/bin/../lib/gcc/arm-eabi/5.3.1/libgcc.a(_udivmoddi4.o)
__clzsi2                                          /home/johnny/licheepi/u-boot-rampup/gcc-linaro-5.3.1-2016.05-x86_64_arm-eabi/bin/../lib/gcc/arm-eabi/5.3.1/libgcc.a(_clzsi2.o)
                                                  /home/johnny/licheepi/u-boot-rampup/gcc-linaro-5.3.1-2016.05-x86_64_arm-eabi/bin/../lib/gcc/arm-eabi/5.3.1/libgcc.a(_clzdi2.o)
__data_end                                        build/machine/start.o
__data_shadow_end                                 build/machine/start.o
__data_shadow_start                               build/machine/start.o
__data_start                                      build/machine/start.o
__dma_end                                         build/lib/dma.o
__dma_start                                       build/lib/dma.o
__fatal_error                                     build/main.o
__heap_end                                        build/lib/malloc.o
__heap_start                                      build/lib/malloc.o
__image_end                                       build/machine/start.o
                                                  build/machine/sys-copyself.o
__image_start                                     build/machine/start.o
                                                  build/machine/sys-copyself.o
__stack_abt_end                                   build/machine/start.o
__stack_fiq_end                                   build/machine/start.o
__stack_irq_end                                   build/machine/start.o
__stack_srv_end                                   build/machine/start.o
__stack_und_end                                   build/machine/start.o
__udivmoddi4                                      /home/johnny/licheepi/u-boot-rampup/gcc-linaro-5.3.1-2016.05-x86_64_arm-eabi/bin/../lib/gcc/arm-eabi/5.3.1/libgcc.a(_udivmoddi4.o)
                                                  /home/johnny/licheepi/u-boot-rampup/gcc-linaro-5.3.1-2016.05-x86_64_arm-eabi/bin/../lib/gcc/arm-eabi/5.3.1/libgcc.a(_aeabi_uldivmod.o)
_start                                            build/machine/start.o
arm32_do_data_abort                               build/machine/exception.o
arm32_do_fiq                                      build/machine/exception.o
                                                  build/machine/start.o
arm32_do_irq                                      build/machine/exception.o
                                                  build/machine/start.o
arm32_do_prefetch_abort                           build/machine/exception.o
arm32_do_software_interrupt                       build/machine/exception.o
arm32_do_undefined_instruction                    build/machine/exception.o
boot_main                                         build/main.o
                                                  build/machine/start.o
calloc                                            build/lib/malloc.o
clk_f1c100s_pll_get_enable                        build/driver/clk-f1c100s-pll.o
clk_f1c100s_pll_get_parent                        build/driver/clk-f1c100s-pll.o
clk_f1c100s_pll_get_rate                          build/driver/clk-f1c100s-pll.o
                                                  build/driver/fb-f1c100s.o
clk_f1c100s_pll_set_enable                        build/driver/clk-f1c100s-pll.o
                                                  build/driver/fb-f1c100s.o
clk_f1c100s_pll_set_parent                        build/driver/clk-f1c100s-pll.o
clk_f1c100s_pll_set_rate                          build/driver/clk-f1c100s-pll.o
clk_hosc                                          build/driver/clk-f1c100s-pll.o
dma_alloc_coherent                                build/lib/dma.o
dma_alloc_noncoherent                             build/lib/dma.o
                                                  build/driver/fb-f1c100s.o
dma_cache_sync                                    build/lib/dma.o
                                                  build/driver/fb-f1c100s.o
dma_free_coherent                                 build/lib/dma.o
dma_free_noncoherent                              build/lib/dma.o
                                                  build/driver/fb-f1c100s.o
do_init_dma_pool                                  build/lib/dma.o
                                                  build/main.o
do_init_mem_pool                                  build/lib/malloc.o
                                                  build/main.o
fb_f1c100s_create                                 build/driver/fb-f1c100s.o
                                                  build/main.o
fb_f1c100s_destroy                                build/driver/fb-f1c100s.o
fb_f1c100s_getbl                                  build/driver/fb-f1c100s.o
fb_f1c100s_init                                   build/driver/fb-f1c100s.o
                                                  build/main.o
fb_f1c100s_pData                                  build/driver/fb-f1c100s.o
fb_f1c100s_present                                build/driver/fb-f1c100s.o
                                                  build/main.o
fb_f1c100s_remove                                 build/driver/fb-f1c100s.o
fb_f1c100s_resume                                 build/driver/fb-f1c100s.o
fb_f1c100s_setbl                                  build/driver/fb-f1c100s.o
                                                  build/main.o
fb_f1c100s_suspend                                build/driver/fb-f1c100s.o
free                                              build/lib/malloc.o
                                                  build/driver/fb-f1c100s.o
                                                  build/lib/dma.o
gpio_f1c100s_get_cfg                              build/driver/gpio-f1c100s.o
gpio_f1c100s_get_dir                              build/driver/gpio-f1c100s.o
gpio_f1c100s_get_drv                              build/driver/gpio-f1c100s.o
gpio_f1c100s_get_pull                             build/driver/gpio-f1c100s.o
gpio_f1c100s_get_rate                             build/driver/gpio-f1c100s.o
gpio_f1c100s_get_value                            build/driver/gpio-f1c100s.o
gpio_f1c100s_set_cfg                              build/driver/gpio-f1c100s.o
                                                  build/driver/fb-f1c100s.o
                                                  build/driver/pwm-f1c100s.o
gpio_f1c100s_set_dir                              build/driver/gpio-f1c100s.o
gpio_f1c100s_set_drv                              build/driver/gpio-f1c100s.o
                                                  build/driver/fb-f1c100s.o
gpio_f1c100s_set_pull                             build/driver/gpio-f1c100s.o
                                                  build/driver/fb-f1c100s.o
gpio_f1c100s_set_rate                             build/driver/gpio-f1c100s.o
gpio_f1c100s_set_value                            build/driver/gpio-f1c100s.o
gpio_f1c100s_to_irq                               build/driver/gpio-f1c100s.o
malloc                                            build/lib/malloc.o
                                                  build/driver/fb-f1c100s.o
memalign                                          build/lib/malloc.o
                                                  build/driver/fb-f1c100s.o
                                                  build/lib/dma.o
memcpy                                            build/arch/arm32/lib/memcpy.o
                                                  build/machine/start.o
                                                  build/driver/fb-f1c100s.o
                                                  build/lib/malloc.o
memset                                            build/arch/arm32/lib/memset.o
                                                  build/machine/start.o
                                                  build/lib/malloc.o
mm_add_pool                                       build/lib/malloc.o
mm_create                                         build/lib/malloc.o
                                                  build/lib/dma.o
mm_destroy                                        build/lib/malloc.o
mm_free                                           build/lib/malloc.o
                                                  build/lib/dma.o
mm_get_pool                                       build/lib/malloc.o
mm_malloc                                         build/lib/malloc.o
mm_memalign                                       build/lib/malloc.o
                                                  build/lib/dma.o
mm_realloc                                        build/lib/malloc.o
mm_remove_pool                                    build/lib/malloc.o
prescaler_table                                   build/driver/pwm-f1c100s.o
pwm_f1c100s_config                                build/driver/pwm-f1c100s.o
pwm_f1c100s_disable                               build/driver/pwm-f1c100s.o
pwm_f1c100s_enable                                build/driver/pwm-f1c100s.o
pwm_f1c100s_init                                  build/driver/pwm-f1c100s.o
                                                  build/driver/fb-f1c100s.o
pwm_f1c100s_set_duty                              build/driver/pwm-f1c100s.o
                                                  build/driver/fb-f1c100s.o
realloc                                           build/lib/malloc.o
reset_1                                           build/driver/fb-f1c100s.o
reset_2                                           build/driver/fb-f1c100s.o
reset_3                                           build/driver/fb-f1c100s.o
reset_f1c100s_assert                              build/driver/reset-f1c100s.o
reset_f1c100s_deassert                            build/driver/reset-f1c100s.o
                                                  build/driver/fb-f1c100s.o
return_to_fel                                     build/machine/start.o
                                                  build/machine/sys-copyself.o
sys_clock_init                                    build/machine/sys-clock.o
                                                  build/machine/start.o
sys_copyself                                      build/machine/sys-copyself.o
                                                  build/machine/start.o
sys_dram_init                                     build/machine/sys-dram.o
                                                  build/machine/start.o
sys_mmu_init                                      build/machine/sys-mmu.o
                                                  build/machine/sys-copyself.o
sys_spi_flash_exit                                build/machine/sys-spi-flash.o
                                                  build/machine/sys-copyself.o
sys_spi_flash_init                                build/machine/sys-spi-flash.o
                                                  build/machine/sys-copyself.o
sys_spi_flash_read                                build/machine/sys-spi-flash.o
                                                  build/machine/sys-copyself.o
sys_uart_init                                     build/machine/sys-uart.o
                                                  build/machine/start.o
sys_uart_putc                                     build/machine/sys-uart.o
                                                  build/machine/sys-copyself.o
                                                  build/main.o
